// Jest Snapshot v1, https://goo.gl/fbAQLP

exports[` 1`] = `
<div>
  <input
    id="child-click"
  >
    Child 1
  </input>
  <input
    id="child-async-click"
  >
    Child 2
  </input>
  <div>
    <input
      id="grand-child-click"
      onClick={[Function]}
    >
      grandChild
    </input>
  </div>
</div>
`;
